<html>
<body>
<pre>
<h1>µVision Build Log</h1>
<h2>Tool Versions:</h2>
IDE-Version: £gVision V5.17.0.0
Copyright (C) 2015 ARM Ltd and ARM Germany GmbH. All rights reserved.
License Information: blurry fish, NTHU, LIC=----
 
Tool Versions:
Toolchain:       MDK-Lite  Version: 5.17
Toolchain Path:  D:\mdk\ARM\ARMCC\Bin
C Compiler:      Armcc.exe V5.06 update 1 (build 61)
Assembler:       Armasm.exe V5.06 update 1 (build 61)
Linker/Locator:  ArmLink.exe V5.06 update 1 (build 61)
Library Manager: ArmAr.exe V5.06 update 1 (build 61)
Hex Converter:   FromElf.exe V5.06 update 1 (build 61)
CPU DLL:         SARMCM3.DLL V5.17
Dialog DLL:      DARMCM1.DLL V1.12.0.0
Target DLL:      Nu_Link.dll V1.30
Dialog DLL:      TARMCM1.DLL V1.9.0.0
 
<h2>Project:</h2>
D:\Nano102_BSPv3.02_EDU\SampleCode\NuMaker-TRIO\final\KEIL\NuMakerTRIO_I2C_MPU6050_LCD.uvproj
Project File Date:  12/29/2015

<h2>Output:</h2>
*** Using Compiler 'V5.06 update 1 (build 61)', folder: 'D:\mdk\ARM\ARMCC\Bin'
Build target 'MPU6050'
Clean started - Project: 'NuMakerTRIO_I2C_MPU6050_LCD'
   deleting intermediate output files for target 'MPU6050'
creating preprocessor file for system_Nano1X2Series.c...
compiling system_Nano1X2Series.c...
assembling startup_Nano1X2Series.s...
creating preprocessor file for sys.c...
compiling sys.c...
creating preprocessor file for clk.c...
compiling clk.c...
creating preprocessor file for uart.c...
compiling uart.c...
creating preprocessor file for gpio.c...
compiling gpio.c...
creating preprocessor file for i2c.c...
compiling i2c.c...
creating preprocessor file for rtc.c...
compiling rtc.c...
creating preprocessor file for pwm.c...
compiling pwm.c...
creating preprocessor file for adc.c...
compiling adc.c...
creating preprocessor file for timer.c...
compiling timer.c...
creating preprocessor file for main.c...
..\MCU_init.h(39): warning:  #1-D: last line of file ends without a newline
  #define TMR1_OPERATING_FREQ   5 //Hz
..\main.c(881): warning:  #1-D: last line of file ends without a newline
        
..\main.c: 2 warnings, 0 errors
compiling main.c...
..\MCU_init.h(39): warning:  #1-D: last line of file ends without a newline
  #define TMR1_OPERATING_FREQ   5 //Hz
..\main.c(657): warning:  #940-D: missing return statement at end of non-void function "FatalChickenFight"
  }
..\main.c(881): warning:  #1-D: last line of file ends without a newline
        
..\main.c: 3 warnings, 0 errors
creating preprocessor file for I2Cdev.c...
compiling I2Cdev.c...
creating preprocessor file for MPU6050.c...
compiling MPU6050.c...
creating preprocessor file for I2C_SSD1306Z.c...
compiling I2C_SSD1306Z.c...
creating preprocessor file for SYS_init.c...
..\MCU_init.h(39): warning:  #1-D: last line of file ends without a newline
  #define TMR1_OPERATING_FREQ   5 //Hz
..\..\..\..\Library\NuMakerLib\Source\SYS_init.c: 1 warning, 0 errors
compiling SYS_init.c...
..\MCU_init.h(39): warning:  #1-D: last line of file ends without a newline
  #define TMR1_OPERATING_FREQ   5 //Hz
..\..\..\..\Library\NuMakerLib\Source\SYS_init.c: 1 warning, 0 errors
linking...
Program Size: Code=12336 RO-data=2568 RW-data=4084 ZI-data=2308  
".\obj\UART.axf" - 0 Error(s), 7 Warning(s).

*** Performing Cross-Module-Optimization:
compiling system_Nano1X2Series.c...
compiling sys.c...
compiling clk.c...
compiling uart.c...
compiling gpio.c...
compiling i2c.c...
compiling rtc.c...
compiling pwm.c...
compiling adc.c...
compiling timer.c...
compiling main.c...
..\MCU_init.h(39): warning:  #1-D: last line of file ends without a newline
  #define TMR1_OPERATING_FREQ   5 //Hz
..\main.c(657): warning:  #940-D: missing return statement at end of non-void function "FatalChickenFight"
  }
..\main.c(881): warning:  #1-D: last line of file ends without a newline
        
..\main.c: 3 warnings, 0 errors
compiling I2Cdev.c...
compiling MPU6050.c...
compiling I2C_SSD1306Z.c...
compiling SYS_init.c...
..\MCU_init.h(39): warning:  #1-D: last line of file ends without a newline
  #define TMR1_OPERATING_FREQ   5 //Hz
..\..\..\..\Library\NuMakerLib\Source\SYS_init.c: 1 warning, 0 errors
linking...
Program Size: Code=12336 RO-data=2568 RW-data=4084 ZI-data=2308  
After Build - User command #1: fromelf --bin ".\obj\UART.axf" --output ".\obj\UART.bin"
After Build - User command #2: fromelf --text -c ".\obj\UART.axf" --output ".\obj\UART.txt"
".\obj\UART.axf" - 0 Error(s), 4 Warning(s).
*** Completed Cross-Module-Optimization after 2 iteration(s).
Build Time Elapsed:  00:00:30
</pre>
</body>
</html>
